// Jest Snapshot v1, https://goo.gl/fbAQLP

exports[`getDateObjectFromString returns the right date object 1`] = `1984-03-13T03:30:00.000Z`;
